// Bun Snapshot v1, https://bun.sh/docs/test/snapshots

exports[`witness order characterization over seeds 1..20 1`] = `
{
  "seed-1": [
    "lizard",
    "scholar_s_light",
    "owl",
    "rat",
    "falcon",
    "imp",
    "akeron_s_scorpion",
    "tsunami",
    "lion",
    "widow",
    "rhowan_s_crown",
    "tempest",
  ],
  "seed-10": [
    "crossroads_eldritch",
    "crossroads_ascendant",
    "crossroads_chaos",
    "crossroads_primordial",
    "lizard",
    "viper",
    "rat",
    "spider",
    "imp",
    "jackal",
    "crane",
    "assassin_s_blade",
    "dryad",
    "staff_of_rattosh",
    "ultos_shepherd_of_storms",
  ],
  "seed-11": [
    "crossroads_order",
    "crossroads_eldritch",
    "owl",
    "panther",
    "lotus",
    "raven",
    "wolverine",
    "jackal",
    "lion",
    "vulture",
    "bull",
    "shepherd_s_crook",
    "tsunami",
    "shieldmaiden",
  ],
  "seed-12": [
    "crossroads_eldritch",
    "toad",
    "owl",
    "stag",
    "wretch",
    "eye_of_the_guardian",
    "bat",
    "akeron_s_scorpion",
    "tortoise",
    "bull",
    "chariot_of_the_dead",
    "hydra",
  ],
  "seed-13": [
    "crossroads_order",
    "lotus",
    "fox",
    "scarab",
    "imp",
    "bat",
    "assassin_s_blade",
    "anvil",
    "akeron_s_scorpion",
    "tsunami",
    "rhowan_s_scepter",
    "bard_s_harp",
  ],
  "seed-14": [
    "crossroads_eldritch",
    "crossroads_primordial",
    "crossroads_chaos",
    "wraith",
    "hammer",
    "scholar_s_light",
    "nighttalon",
    "imp",
    "hawk",
    "lion",
    "fiend",
    "akeron_s_scorpion",
    "crane",
    "kraken",
    "magi",
  ],
  "seed-15": [
    "eel",
    "toad",
    "hammer",
    "hound",
    "harpy",
    "nighttalon",
    "mantis",
    "jackal",
    "bull",
    "lion",
    "anvil",
    "hawk",
    "dryad",
    "staff_of_rattosh",
  ],
  "seed-16": [
    "crossroads_chaos",
    "crossroads_order",
    "crossroads_eldritch",
    "scholar_s_light",
    "hammer",
    "owl",
    "fox",
    "mantis",
    "nighttalon",
    "gallows",
    "anvil",
    "akeron_s_scorpion",
    "dryad",
    "rhowan_s_crown",
    "hyrian_guardian_of_the_celestial_gates",
  ],
  "seed-17": [
    "crossroads_eldritch",
    "crossroads_chaos",
    "crossroads_order",
    "crossroads_ascendant",
    "crossroads_primordial",
    "quill",
    "sailor_s_guide",
    "lotus",
    "harpy",
    "lion",
    "bull",
    "shepherd_s_crook",
    "fiend",
    "hawk",
    "chariot_of_the_dead",
    "manticore",
  ],
  "seed-18": [
    "crossroads_eldritch",
    "crossroads_ascendant",
    "eel",
    "wraith",
    "hound",
    "nighttalon",
    "owl",
    "raven",
    "wretch",
    "gallows",
    "spider",
    "lion",
    "vulture",
    "tsunami",
    "ghoul",
  ],
  "seed-19": [
    "crossroads_chaos",
    "crossroads_eldritch",
    "crossroads_order",
    "fox",
    "gallows",
    "scarab",
    "rat",
    "sailor_s_guide",
    "panther",
    "imp",
    "spider",
    "assassin_s_blade",
    "widow",
    "magi",
  ],
  "seed-2": [
    "crossroads_chaos",
    "eel",
    "lizard",
    "sailor_s_guide",
    "empty_throne",
    "lotus",
    "stag",
    "gallows",
    "falcon",
    "shepherd_s_crook",
    "berserker",
    "messenger_of_war",
    "hyrian_guardian_of_the_celestial_gates",
  ],
  "seed-20": [
    "crossroads_eldritch",
    "eel",
    "toad",
    "hound",
    "scarab",
    "gallows",
    "mantis",
    "empty_throne",
    "owl",
    "hawk",
    "jackal",
    "ghoul",
    "blades_of_nadaan",
    "tempest",
  ],
  "seed-3": [
    "crossroads_order",
    "crossroads_ascendant",
    "eel",
    "toad",
    "hound",
    "hammer",
    "sailor_s_guide",
    "lotus",
    "raven",
    "viper",
    "anvil",
    "bull",
    "fiend",
    "lion",
    "hyrian_guardian_of_the_celestial_gates",
  ],
  "seed-4": [
    "crossroads_ascendant",
    "wraith",
    "empty_throne",
    "owl",
    "stag",
    "rat",
    "vulture",
    "fiend",
    "bat",
    "crane",
    "jackal",
    "solael_s_witchblade",
    "hydra",
  ],
  "seed-5": [
    "crossroads_ascendant",
    "crossroads_order",
    "crossroads_primordial",
    "scholar_s_light",
    "rat",
    "nighttalon",
    "raven",
    "mantis",
    "bull",
    "tsunami",
    "fiend",
    "rhowan_s_crown",
    "huntress",
    "hyrian_guardian_of_the_celestial_gates",
  ],
  "seed-6": [
    "crossroads_ascendant",
    "crossroads_primordial",
    "quill",
    "lotus",
    "harpy",
    "falcon",
    "lion",
    "akeron_s_scorpion",
    "bull",
    "anvil",
    "scales_of_ulcama",
    "oklaine_s_lantern",
    "magi",
  ],
  "seed-7": [
    "crossroads_ascendant",
    "wraith",
    "hound",
    "scarab",
    "owl",
    "lotus",
    "rat",
    "akeron_s_scorpion",
    "bull",
    "lion",
    "ghoul",
    "hydra",
    "affliction",
  ],
  "seed-8": [
    "crossroads_chaos",
    "crossroads_eldritch",
    "owl",
    "raven",
    "panther",
    "fox",
    "falcon",
    "imp",
    "shepherd_s_crook",
    "bat",
    "tortoise",
    "crane",
    "chariot_of_the_dead",
  ],
  "seed-9": [
    "crossroads_eldritch",
    "crossroads_primordial",
    "crossroads_ascendant",
    "toad",
    "scholar_s_light",
    "scarab",
    "sailor_s_guide",
    "wretch",
    "spider",
    "falcon",
    "imp",
    "oklaine_s_lantern",
    "berserker",
    "amatok_the_spirit_of_winter",
  ],
}
`;
